error: Too many arguments given to the macro!
 --> $DIR/too_much_arguments_to_macro.rs:1:1
  |
1 | #[impl_trait_for_tuples::impl_for_tuples(1, 2, 3)]
  | ^^^^^^^^^^^^^^^^^^^^^^^^^^^^^^^^^^^^^^^^^^^^^^^^^^
