error: expected one of: `,`, `+`, `-`, `|`, `&`, `*`, `/`
  --> $DIR/unknown_separator.rs:12:41
   |
12 |         for_tuples!( ( #( Tuple.test() )$* ) )
   |                                         ^
